All feature-based dependencies have been fulfilled.
