NAME                 PID  STATUS
hello_world           -1  done
sleep_one_sec         -1  done
after_sleep           -1  done
one_second_respawn    -1  loaded
fail_loop             -1  loaded
sleep_one_day       3547  running
