Hello, world from STOP_COMMAND.
This second line is echoed after the first.
