This task always fails.
This task always fails.
This task always fails.
This task always fails.
This task always fails.
This task always fails.
