task_add_chain1
task_add_chain2
task_add_chain3
task_add_chain4
